============================================================
  Generated by:           Genus(TM) Synthesis Solution 21.19-s055_1
  Generated on:           Dec 02 2025  12:27:50 pm
  Module:                 riscv_core
  Operating conditions:   PVT_0P9V_125C 
  Operating conditions:   PVT_1P32V_0C 
  Interconnect mode:      global
  Area mode:              physical library
============================================================

                                                Library 
   Gate     Instances    Area        Library     Domain 
--------------------------------------------------------
ADDFHX1             7     52.668    slow_vdd1v0   worst 
ADDFHX2             8     65.664    slow_vdd1v0   worst 
ADDFX1            471   2416.230    slow_vdd1v0   worst 
ADDHX1            139    522.918    slow_vdd1v0   worst 
ADDHX2              6     30.780    slow_vdd1v0   worst 
ADDHX4              4     28.728    slow_vdd1v0   worst 
AND2X1           1009   1380.312    slow_vdd1v0   worst 
AND2X2             49     83.790    slow_vdd1v0   worst 
AND2X4            104    284.544    slow_vdd1v0   worst 
AND2X6             78    293.436    slow_vdd1v0   worst 
AND2X8             12     53.352    slow_vdd1v0   worst 
AND3X1              2      4.788    slow_vdd1v0   worst 
AND3X2              3      8.208    slow_vdd1v0   worst 
AND3X4              8     24.624    slow_vdd1v0   worst 
AND3X6              4     17.784    slow_vdd1v0   worst 
AND3XL             20     41.040    slow_vdd1v0   worst 
AND4X1             50    119.700    slow_vdd1v0   worst 
AND4X4              1      3.762    slow_vdd1v0   worst 
AO21X1            157    375.858    slow_vdd1v0   worst 
AO21X2             13     35.568    slow_vdd1v0   worst 
AO21X4             66    225.720    slow_vdd1v0   worst 
AO22X1           1167   3192.912    slow_vdd1v0   worst 
AO22X2             11     33.858    slow_vdd1v0   worst 
AO22X4             14     52.668    slow_vdd1v0   worst 
AOI211X1            3      7.182    slow_vdd1v0   worst 
AOI211X2           34    116.280    slow_vdd1v0   worst 
AOI211X4           39    253.422    slow_vdd1v0   worst 
AOI21X1           195    333.450    slow_vdd1v0   worst 
AOI21X2           216    590.976    slow_vdd1v0   worst 
AOI21X4           283   1451.790    slow_vdd1v0   worst 
AOI221X2           72    320.112    slow_vdd1v0   worst 
AOI221X4          142   1116.972    slow_vdd1v0   worst 
AOI222X2           34    186.048    slow_vdd1v0   worst 
AOI222X4           14    134.064    slow_vdd1v0   worst 
AOI22X1          2284   4686.768    slow_vdd1v0   worst 
AOI22X2           963   3622.806    slow_vdd1v0   worst 
AOI22X4           200   1231.200    slow_vdd1v0   worst 
AOI2BB1X1          54    110.808    slow_vdd1v0   worst 
AOI2BB1X2         103    317.034    slow_vdd1v0   worst 
AOI2BB1X4         153    627.912    slow_vdd1v0   worst 
AOI2BB2X1           1      3.420    slow_vdd1v0   worst 
AOI2BB2X2          13     66.690    slow_vdd1v0   worst 
AOI2BB2X4          44    331.056    slow_vdd1v0   worst 
AOI31X2             2      6.840    slow_vdd1v0   worst 
AOI31X4             4     25.992    slow_vdd1v0   worst 
AOI32X4             1      7.866    slow_vdd1v0   worst 
AOI33X4             1      9.234    slow_vdd1v0   worst 
BUFX12             82    420.660    slow_vdd1v0   worst 
BUFX16             11     75.240    slow_vdd1v0   worst 
BUFX2             145    247.950    slow_vdd1v0   worst 
BUFX20              1      8.208    slow_vdd1v0   worst 
BUFX3             195    400.140    slow_vdd1v0   worst 
BUFX4              28     67.032    slow_vdd1v0   worst 
BUFX6             253    778.734    slow_vdd1v0   worst 
BUFX8              81    304.722    slow_vdd1v0   worst 
CLKAND2X12         98    737.352    slow_vdd1v0   worst 
CLKAND2X2         673   1380.996    slow_vdd1v0   worst 
CLKAND2X3         185    569.430    slow_vdd1v0   worst 
CLKAND2X4          10     34.200    slow_vdd1v0   worst 
CLKAND2X6         190    909.720    slow_vdd1v0   worst 
CLKAND2X8          12     69.768    slow_vdd1v0   worst 
CLKBUFX12          13     66.690    slow_vdd1v0   worst 
CLKBUFX16          31    212.040    slow_vdd1v0   worst 
CLKBUFX2            3      5.130    slow_vdd1v0   worst 
CLKBUFX20           4     32.832    slow_vdd1v0   worst 
CLKBUFX6            6     18.468    slow_vdd1v0   worst 
CLKINVX1            1      1.026    slow_vdd1v0   worst 
CLKINVX12         146    599.184    slow_vdd1v0   worst 
CLKINVX16          44    240.768    slow_vdd1v0   worst 
CLKINVX2           14     19.152    slow_vdd1v0   worst 
CLKINVX20          12     77.976    slow_vdd1v0   worst 
CLKINVX3           18     30.780    slow_vdd1v0   worst 
CLKINVX4          517    884.070    slow_vdd1v0   worst 
CLKINVX6          302    722.988    slow_vdd1v0   worst 
CLKINVX8          181    557.118    slow_vdd1v0   worst 
CLKMX2X2           37    113.886    slow_vdd1v0   worst 
CLKMX2X3           44    180.576    slow_vdd1v0   worst 
CLKMX2X4            1      4.104    slow_vdd1v0   worst 
CLKMX2X6            1      4.446    slow_vdd1v0   worst 
CLKMX2X8           24    139.536    slow_vdd1v0   worst 
CLKXOR2X1         247    675.792    slow_vdd1v0   worst 
CLKXOR2X2           5     17.100    slow_vdd1v0   worst 
DFFQX2            992   6446.016    slow_vdd1v0   worst 
DFFRHQX1         1510   9295.560    slow_vdd1v0   worst 
DFFRHQX2           10     78.660    slow_vdd1v0   worst 
DFFRHQX4            5     47.880    slow_vdd1v0   worst 
DFFRHQX8            1     11.286    slow_vdd1v0   worst 
DFFRX1             28    191.520    slow_vdd1v0   worst 
DFFRX2            308   2317.392    slow_vdd1v0   worst 
DFFRX4             16    153.216    slow_vdd1v0   worst 
INVX1             923    631.332    slow_vdd1v0   worst 
INVX16              2     10.944    slow_vdd1v0   worst 
INVX2             506    519.156    slow_vdd1v0   worst 
INVX20              3     19.494    slow_vdd1v0   worst 
INVX3             416    569.088    slow_vdd1v0   worst 
INVX6               4      9.576    slow_vdd1v0   worst 
INVXL               2      1.368    slow_vdd1v0   worst 
MX2X1             897   2147.418    slow_vdd1v0   worst 
MX3XL               1      4.788    slow_vdd1v0   worst 
MXI2X1              1      2.736    slow_vdd1v0   worst 
MXI2X2             38    168.948    slow_vdd1v0   worst 
MXI2X4              8     41.040    slow_vdd1v0   worst 
MXI2X6              9     46.170    slow_vdd1v0   worst 
NAND2BX1          137    187.416    slow_vdd1v0   worst 
NAND2BX2          152    363.888    slow_vdd1v0   worst 
NAND2BX4           64    240.768    slow_vdd1v0   worst 
NAND2X1           238    244.188    slow_vdd1v0   worst 
NAND2X2           823   1407.330    slow_vdd1v0   worst 
NAND2X4           638   2181.960    slow_vdd1v0   worst 
NAND2X6           237   1134.756    slow_vdd1v0   worst 
NAND2X8           101    552.672    slow_vdd1v0   worst 
NAND3BX2           27     83.106    slow_vdd1v0   worst 
NAND3BX4            3     15.390    slow_vdd1v0   worst 
NAND3X2            18     49.248    slow_vdd1v0   worst 
NAND3X4            36    172.368    slow_vdd1v0   worst 
NAND3X6            18    129.276    slow_vdd1v0   worst 
NAND3X8            12     98.496    slow_vdd1v0   worst 
NAND4X6             1      8.550    slow_vdd1v0   worst 
NOR2BX1           185    253.080    slow_vdd1v0   worst 
NOR2BX2           180    492.480    slow_vdd1v0   worst 
NOR2BX4            57    214.434    slow_vdd1v0   worst 
NOR2X1            357    366.282    slow_vdd1v0   worst 
NOR2X2            441    754.110    slow_vdd1v0   worst 
NOR2X4            515   1585.170    slow_vdd1v0   worst 
NOR2X6            231    948.024    slow_vdd1v0   worst 
NOR2X8            107    585.504    slow_vdd1v0   worst 
NOR3BX1             4      8.208    slow_vdd1v0   worst 
NOR3BX2             5     17.100    slow_vdd1v0   worst 
NOR3BX4             8     46.512    slow_vdd1v0   worst 
NOR3X1              6     10.260    slow_vdd1v0   worst 
NOR3X2             20     54.720    slow_vdd1v0   worst 
NOR3X4             31    159.030    slow_vdd1v0   worst 
NOR3X6             47    337.554    slow_vdd1v0   worst 
NOR3X8             26    231.192    slow_vdd1v0   worst 
NOR4BBX2            1      5.130    slow_vdd1v0   worst 
NOR4BX2             2      9.576    slow_vdd1v0   worst 
NOR4X2              7     23.940    slow_vdd1v0   worst 
NOR4X4              5     32.490    slow_vdd1v0   worst 
NOR4X6              3     24.624    slow_vdd1v0   worst 
NOR4X8              2     21.204    slow_vdd1v0   worst 
OA21X1            169    346.788    slow_vdd1v0   worst 
OA21X2              1      3.078    slow_vdd1v0   worst 
OA22X1            154    368.676    slow_vdd1v0   worst 
OA22X2              1      3.420    slow_vdd1v0   worst 
OA22X4              8     32.832    slow_vdd1v0   worst 
OAI211X2            6     24.624    slow_vdd1v0   worst 
OAI211X4           29    188.442    slow_vdd1v0   worst 
OAI21X1           101    172.710    slow_vdd1v0   worst 
OAI21X2           178    547.884    slow_vdd1v0   worst 
OAI21X4           263   1259.244    slow_vdd1v0   worst 
OAI221X2            3     14.364    slow_vdd1v0   worst 
OAI221X4            8     62.928    slow_vdd1v0   worst 
OAI22X1           326    668.952    slow_vdd1v0   worst 
OAI22X2            88    300.960    slow_vdd1v0   worst 
OAI22X4            33    214.434    slow_vdd1v0   worst 
OAI2BB1X1        1401   2395.710    slow_vdd1v0   worst 
OAI2BB1X2         138    424.764    slow_vdd1v0   worst 
OAI2BB1X4         107    475.722    slow_vdd1v0   worst 
OAI2BB2X1           5     20.520    slow_vdd1v0   worst 
OAI2BB2X2          11     60.192    slow_vdd1v0   worst 
OAI2BB2X4          33    282.150    slow_vdd1v0   worst 
OAI31X1             1      2.052    slow_vdd1v0   worst 
OAI31X2             3     11.286    slow_vdd1v0   worst 
OAI31X4             4     27.360    slow_vdd1v0   worst 
OAI32X2             1      4.446    slow_vdd1v0   worst 
OR2X1             254    347.472    slow_vdd1v0   worst 
OR2X2              55     94.050    slow_vdd1v0   worst 
OR2X4              54    147.744    slow_vdd1v0   worst 
OR2X6              70    263.340    slow_vdd1v0   worst 
OR2X8               4     17.784    slow_vdd1v0   worst 
OR3X1              64    131.328    slow_vdd1v0   worst 
OR3X2               3      7.182    slow_vdd1v0   worst 
OR3X4              10     30.780    slow_vdd1v0   worst 
OR3X6              10     47.880    slow_vdd1v0   worst 
OR4X1              75    153.900    slow_vdd1v0   worst 
OR4X4               1      3.762    slow_vdd1v0   worst 
OR4X6               1      5.472    slow_vdd1v0   worst 
OR4X8               4     24.624    slow_vdd1v0   worst 
XNOR2X1           717   1716.498    slow_vdd1v0   worst 
XNOR2X2             8     24.624    slow_vdd1v0   worst 
XNOR2X4             7     26.334    slow_vdd1v0   worst 
XOR2X4              1      4.104    slow_vdd1v0   worst 
--------------------------------------------------------
total           26708  82238.688                


                                          
     Type      Instances    Area   Area % 
------------------------------------------
sequential          2870 18541.530   22.5 
inverter            3091  4894.020    6.0 
buffer               853  2637.846    3.2 
logic              19894 56165.292   68.3 
physical_cells         0     0.000    0.0 
------------------------------------------
total              26708 82238.688  100.0 

