============================================================
  Generated by:           Genus(TM) Synthesis Solution 21.19-s055_1
  Generated on:           Dec 02 2025  12:27:49 pm
  Module:                 riscv_core
  Operating conditions:   PVT_0P9V_125C 
  Operating conditions:   PVT_1P32V_0C 
  Interconnect mode:      global
  Area mode:              physical library
============================================================


Path 1: MET (0 ps) Setup Check with Pin u_exec0_result_q_reg[31]/CK->D
          Group: clk
     Startpoint: (R) u_frontend_u_decode_genblk1.u_fifo_rd_ptr_q_reg[0]/CK
          Clock: (R) clk
       Endpoint: (F) u_exec0_result_q_reg[31]/D
          Clock: (R) clk

                     Capture       Launch     
        Clock Edge:+    5880            0     
       Src Latency:+       0            0     
       Net Latency:+     100 (I)      100 (I) 
           Arrival:=    5980          100     
                                              
             Setup:-     100                  
       Uncertainty:-      50                  
     Required Time:=    5830                  
      Launch Clock:-     100                  
         Data Path:-    5730                  
             Slack:=       0                  

#-------------------------------------------------------------------------------------------------------------------------------
#                     Timing Point                      Flags   Arc   Edge    Cell     Fanout Load Trans Delay Arrival Instance 
#                                                                                             (fF)  (ps)  (ps)   (ps)  Location 
#-------------------------------------------------------------------------------------------------------------------------------
  u_frontend_u_decode_genblk1.u_fifo_rd_ptr_q_reg[0]/CK -       -     R     (arrival)    2870    -     0     0     100    (-,-) 
  u_frontend_u_decode_genblk1.u_fifo_rd_ptr_q_reg[0]/Q  -       CK->Q F     DFFRHQX8        8 25.1   104   305     405    (-,-) 
  g321545/Y                                             -       A->Y  R     CLKINVX12       3 16.4    56    69     474    (-,-) 
  g321544/Y                                             -       A->Y  F     CLKINVX12       9 28.8    85    72     546    (-,-) 
  g321541/Y                                             -       A->Y  R     CLKINVX6        1  3.7    35    53     599    (-,-) 
  g321403/Y                                             -       B->Y  R     AND2X6          2  7.0    56   149     748    (-,-) 
  g321182/Y                                             -       B->Y  F     NOR2X6          1  3.3    44    47     795    (-,-) 
  g323724/Y                                             -       B->Y  R     CLKXOR2X2       1  6.1    96   202     997    (-,-) 
  g320923/Y                                             -       B->Y  F     NAND2X8         1  5.8    88    96    1093    (-,-) 
  g320881/Y                                             -       B->Y  R     NOR2X8          3  9.4    84    86    1180    (-,-) 
  g320771/Y                                             -       B->Y  R     CLKAND2X6       1  3.9    33   117    1297    (-,-) 
  g320688/Y                                             -       A->Y  R     CLKAND2X6       2  7.8    46   111    1408    (-,-) 
  g320584/Y                                             -       A->Y  F     NAND2X8         1  5.8    89    84    1492    (-,-) 
  g320524/Y                                             -       B->Y  R     NOR2X8          4 13.8   108   100    1592    (-,-) 
  g320462/Y                                             -       A->Y  F     CLKINVX8        7 25.3   112   106    1699    (-,-) 
  g320262/Y                                             -       B->Y  R     NOR2X6          1  6.1    79    93    1791    (-,-) 
  g320218/Y                                             -       A->Y  F     NOR2X8          7 18.3    91    91    1882    (-,-) 
  g320119/Y                                             -       A->Y  F     BUFX6           5 13.4    76   128    2010    (-,-) 
  g319634/Y                                             -       B1->Y R     OAI22X4         1  5.3   117    93    2103    (-,-) 
  g319441/Y                                             -       C->Y  F     NOR3X6          1  5.8    73    84    2188    (-,-) 
  g319126/Y                                             -       B->Y  R     NAND2X8         1  6.1    57    52    2240    (-,-) 
  g319017/Y                                             -       B->Y  F     NOR2X8          2  7.3    52    53    2293    (-,-) 
  g318403/Y                                             -       A->Y  R     NOR4X6          1  4.4   142   173    2466    (-,-) 
  g317986/Y                                             -       A->Y  R     CLKAND2X12      6 29.6    76   189    2655    (-,-) 
  g317846/Y                                             -       A->Y  F     CLKINVX16       4 23.0    65    67    2722    (-,-) 
  g317833/Y                                             -       A->Y  R     CLKINVX12       7 19.7    54    57    2779    (-,-) 
  g323406/Y                                             -       B->Y  R     AND2X4         12 26.6   170   243    3022    (-,-) 
  g316171/Y                                             -       B1->Y F     AOI22X1         1  3.2   252   223    3245    (-,-) 
  g314467/Y                                             -       B->Y  F     CLKAND2X2       1  3.2    59   214    3460    (-,-) 
  g313147/Y                                             -       A->Y  F     CLKAND2X2       1  5.1    82   142    3602    (-,-) 
  g312992/Y                                             -       B->Y  R     NAND2X6         1  5.3    45    58    3660    (-,-) 
  g312913/Y                                             -       B->Y  F     NOR2X6          1  7.2    56    52    3711    (-,-) 
  g312877/Y                                             -       A->Y  R     CLKINVX12      15 29.3    68    63    3774    (-,-) 
  g312651/Y                                             -       A1->Y R     AO21X2          3  9.8   133   256    4031    (-,-) 
  u_exec0_u_alu/g24315/Y                                -       A->Y  F     CLKINVX4        3  8.7    85   106    4137    (-,-) 
  u_exec0_u_alu/g24074/Y                                -       A->Y  R     NAND2X4         2  6.4    72    72    4209    (-,-) 
  u_exec0_u_alu/g23765/Y                                -       A0->Y F     OAI21X4         2  7.3   155   150    4359    (-,-) 
  u_exec0_u_alu/g23557/Y                                -       A1->Y R     AOI21X4         2  6.2   106   144    4503    (-,-) 
  u_exec0_u_alu/g23426/Y                                -       B->Y  F     NOR2X4          2  6.5    74    88    4591    (-,-) 
  u_exec0_u_alu/g23336/Y                                -       B->Y  R     NOR2X4          2  6.8   109    95    4686    (-,-) 
  u_exec0_u_alu/g23195/Y                                -       A1->Y F     OAI21X4         1  4.3   122   129    4815    (-,-) 
  u_exec0_u_alu/g23129/Y                                -       B0->Y R     AOI2BB1X4       1  4.5    81   116    4930    (-,-) 
  u_exec0_u_alu/g23063/Y                                -       B0->Y F     OAI21X4         1  3.4   102   111    5041    (-,-) 
  u_exec0_u_alu/g23008/Y                                -       B->Y  R     XNOR2X4         2  6.4    91   249    5290    (-,-) 
  u_exec0_u_alu/g22998/Y                                -       A->Y  F     INVX1           1  4.4   134   124    5414    (-,-) 
  u_exec0_u_alu/g22949/Y                                -       A1->Y R     AOI21X4         1  4.5    91   124    5538    (-,-) 
  u_exec0_u_alu/g22887/Y                                -       B0->Y F     OAI21X4         1  4.0   111   120    5658    (-,-) 
  g238609/Y                                             -       A->Y  R     INVX3           1  4.5    54    79    5737    (-,-) 
  g237493/Y                                             -       A1->Y F     OAI21X4         1  3.2   106    92    5830    (-,-) 
  u_exec0_result_q_reg[31]/D                            <<<     -     F     DFFRHQX2        1    -     -     0    5830    (-,-) 
#-------------------------------------------------------------------------------------------------------------------------------

