============================================================
  Generated by:           Genus(TM) Synthesis Solution 21.19-s055_1
  Generated on:           Dec 02 2025  12:27:49 pm
  Module:                 riscv_core
  Library domain:         worst
    Domain index:         0
    Technology library:   slow_vdd1v0 1.0
  Library domain:         best
    Domain index:         1
    Technology library:   fast_vdd1v2 1.0
  Operating conditions:   PVT_0P9V_125C 
  Operating conditions:   PVT_1P32V_0C 
  Interconnect mode:      global
  Area mode:              physical library
============================================================

              Instance                      Module         Cell Count  Cell Area  Net Area   Combinational    Buffer   Inverter     Flop     Latch   Clock-Gate   Memory   Macro   Total Area 
----------------------------------------------------------------------------------------------------------------------------------------------------------------------------------------------
riscv_core                                                      26708  82238.688 33741.056       56165.292  2637.846   4894.020  18541.530   0.000        0.000    0.000   0.000   115979.744 
  u_div                              biriscv_divider             1703   4972.338  1878.978        2789.694   224.010    242.478   1716.156   0.000        0.000    0.000   0.000     6851.316 
  u_exec0_u_alu                      biriscv_alu                 1310   3795.516  1453.931        3430.602    60.192    304.722      0.000   0.000        0.000    0.000   0.000     5249.447 
  u_exec1_u_alu                      biriscv_alu_1167            1320   3366.306  1461.723        3025.674    60.876    279.756      0.000   0.000        0.000    0.000   0.000     4828.029 
  u_frontend_u_decode_genblk1.u_dec0 biriscv_decoder              151    590.292   135.987         537.624     9.918     42.750      0.000   0.000        0.000    0.000   0.000      726.279 
  u_frontend_u_decode_genblk1.u_dec1 biriscv_decoder_2471         137    535.914   121.980         491.796     4.788     39.330      0.000   0.000        0.000    0.000   0.000      657.894 
  u_mul                              biriscv_multiplier          2935   8188.506  3863.838        6871.806   150.138    509.238    657.324   0.000        0.000    0.000   0.000    12052.344 
