============================================================
  Generated by:           Genus(TM) Synthesis Solution 21.19-s055_1
  Generated on:           Dec 02 2025  12:27:50 pm
  Module:                 riscv_core
  Operating conditions:   PVT_0P9V_125C 
  Operating conditions:   PVT_1P32V_0C 
  Interconnect mode:      global
  Area mode:              physical library
============================================================

Timing
--------

Clock Period 
-------------
clk   5880.0 


  Cost    Critical         Violating 
 Group   Path Slack  TNS     Paths   
-------------------------------------
clk             0.0   0.0          0 
default    No paths   0.0            
-------------------------------------
Total                 0.0          0 

Instance Count
--------------
Leaf Instance Count             26708 
Physical Instance count             0 
Sequential Instance Count        2870 
Combinational Instance Count    23838 
Hierarchical Instance Count         6 

Area
----
Cell Area                          82238.688
Physical Cell Area                 0.000
Total Cell Area (Cell+Physical)    82238.688
Net Area                           33741.056
Total Area (Cell+Physical+Net)     115979.744

Max Fanout                         2870 (clk)
Min Fanout                         0 (fetch0_instr_branch_w)
Average Fanout                     2.4
Terms to net ratio                 3.4992
Terms to instance ratio            3.6215
Runtime                            689.5853960000001 seconds
Elapsed Runtime                    708 seconds
Genus peak memory usage            2088.71 
Innovus peak memory usage          no_value 
Hostname                           localhost
